[demos.bootdey.com/indexb36d.html]
[backblue.gif]
[fade.gif]
[index.html]
[bootdey.com/js/lib/jquery.min.js]
[10.22.252.242/sgerror.29e9c.delayed]
[demos.bootdey.com/dayday/index.html]
[bootdey.com/img/x_icon.png]
[demos.bootdey.com/indexb36d.html]
[10.22.252.242/sgerror9e9c.html]
[demos.bootdey.com/dayday/img/favicon.png]
[demos.bootdey.com/dayday/assets/js/jquery.1.11.1.min.js]
[demos.bootdey.com/dayday/bootstrap.3.3.6/js/bootstrap.min.js]
[demos.bootdey.com/dayday/assets/js/custom.js]
[demos.bootdey.com/dayday/profile.html]
[www.google-analytics.com/analytics.js]
[demos.bootdey.com/dayday/index.html]
[demos.bootdey.com/dayday/bootstrap.3.3.6/fonts/glyphicons-halflings-regular.eot]
[demos.bootdey.com/dayday/bootstrap.3.3.6/fonts/glyphicons-halflings-regulard41d.eot]
[demos.bootdey.com/dayday/bootstrap.3.3.6/fonts/glyphicons-halflings-regular.woff]
[demos.bootdey.com/dayday/bootstrap.3.3.6/fonts/glyphicons-halflings-regular.ttf]
[demos.bootdey.com/dayday/bootstrap.3.3.6/css/bootstrap.min.css]
[demos.bootdey.com/dayday/font-awesome.4.6.1/fonts/fontawesome-webfont914c.eot]
[demos.bootdey.com/dayday/font-awesome.4.6.1/fonts/fontawesome-webfontd41d.eot]
[demos.bootdey.com/dayday/font-awesome.4.6.1/fonts/fontawesome-webfont914c.woff]
[demos.bootdey.com/dayday/font-awesome.4.6.1/fonts/fontawesome-webfont914c.ttf]
[demos.bootdey.com/dayday/font-awesome.4.6.1/css/font-awesome.min.css]
[demos.bootdey.com/dayday/assets/css/animate.min.css]
[demos.bootdey.com/dayday/assets/css/timeline.css]
[demos.bootdey.com/dayday/img/bg.png]
[demos.bootdey.com/dayday/assets/css/login_register.css]
[demos.bootdey.com/dayday/assets/css/forms.css]
[demos.bootdey.com/dayday/assets/css/buttons.css]
[demos.bootdey.com/dayday/index-2.html]
[demos.bootdey.com/dayday/home.html]
[demos.bootdey.com/dayday/profile2.html]
[demos.bootdey.com/dayday/profile3.html]
[demos.bootdey.com/dayday/profile4.html]
[demos.bootdey.com/dayday/sidebar_profile.html]
[demos.bootdey.com/dayday/user_detail.html]
[demos.bootdey.com/dayday/edit_profile.html]
[demos.bootdey.com/dayday/about.html]
[demos.bootdey.com/dayday/friends.html]
[demos.bootdey.com/dayday/friends2.html]
[demos.bootdey.com/dayday/profile_wall.html]
[demos.bootdey.com/dayday/photos1.html]
[demos.bootdey.com/dayday/photos2.html]
[demos.bootdey.com/dayday/view_photo.html]
[demos.bootdey.com/dayday/messages1.html]
[demos.bootdey.com/dayday/messages2.html]
[demos.bootdey.com/dayday/group.html]
[demos.bootdey.com/dayday/list_users.html]
[demos.bootdey.com/dayday/file_manager.html]
[demos.bootdey.com/dayday/people_directory.html]
[demos.bootdey.com/dayday/list_posts.html]
[demos.bootdey.com/dayday/grid_posts.html]
[demos.bootdey.com/dayday/forms.html]
[demos.bootdey.com/dayday/buttons.html]
[demos.bootdey.com/dayday/error404.html]
[demos.bootdey.com/dayday/error500.html]
[demos.bootdey.com/dayday/recover_password.html]
[demos.bootdey.com/dayday/registration_mail.html]
[demos.bootdey.com/dayday/img/Cover/profile-cover.jpg]
[demos.bootdey.com/dayday/img/Friends/guy-6.jpg]
[demos.bootdey.com/dayday/img/Friends/woman-3.jpg]
[demos.bootdey.com/dayday/img/Friends/guy-2.jpg]
[demos.bootdey.com/dayday/img/Friends/guy-9.jpg]
[demos.bootdey.com/dayday/img/Friends/woman-9.jpg]
[demos.bootdey.com/dayday/img/Friends/guy-4.jpg]
[demos.bootdey.com/dayday/img/Friends/guy-1.jpg]
[demos.bootdey.com/dayday/img/Friends/woman-4.jpg]
[demos.bootdey.com/dayday/img/Friends/guy-3.jpg]
[demos.bootdey.com/dayday/img/Likes/likes-1.png]
[demos.bootdey.com/dayday/img/Likes/likes-3.png]
[demos.bootdey.com/dayday/img/Likes/likes-2.png]
[demos.bootdey.com/dayday/img/Post/young-couple-in-love.jpg]
[demos.bootdey.com/dayday/img/Photos/2.jpg]
[demos.bootdey.com/dayday/img/Friends/guy-5.jpg]
[demos.bootdey.com/dayday/img/Photos/3.jpg]
[demos.bootdey.com/dayday/img/Friends/woman-1.jpg]
[demos.bootdey.com/dayday/img/Friends/woman-2.jpg]
[demos.bootdey.com/dayday/img/Friends/woman-8.jpg]
[demos.bootdey.com/dayday/img/Friends/woman-5.jpg]
[demos.bootdey.com/dayday/img/Friends/woman-10.jpg]
[demos.bootdey.com/dayday/img/Friends/child-1.jpg]
[demos.bootdey.com/dayday/profile.html]
[demos.bootdey.com/dayday/bootstrap.3.3.6/fonts/glyphicons-halflings-regular.html]
[demos.bootdey.com/dayday/bootstrap.3.3.6/fonts/glyphicons-halflings-regular.svg]
[demos.bootdey.com/dayday/font-awesome.4.6.1/fonts/fontawesome-webfont914c.html]
[demos.bootdey.com/dayday/font-awesome.4.6.1/fonts/fontawesome-webfont914c.svg]
[demos.bootdey.com/dayday/assets/css/cover.css]
[demos.bootdey.com/dayday/index-2.html]
[demos.bootdey.com/dayday/home.html]
[demos.bootdey.com/dayday/img/Friends/woman-6.jpg]
[demos.bootdey.com/dayday/profile2.html]
[demos.bootdey.com/dayday/img/Cover/game.jpg]
[demos.bootdey.com/dayday/img/Friends/woman-7.jpg]
[demos.bootdey.com/dayday/profile3.html]
[demos.bootdey.com/dayday/img/Cover/cover.jpg]
[demos.bootdey.com/dayday/img/Photos/1.jpg]
[demos.bootdey.com/dayday/img/Photos/4.jpg]
[demos.bootdey.com/dayday/img/Photos/5.jpg]
[demos.bootdey.com/dayday/img/Photos/6.jpg]
[demos.bootdey.com/dayday/img/Photos/7.jpg]
[demos.bootdey.com/dayday/img/Photos/8.jpg]
[demos.bootdey.com/dayday/img/Photos/9.jpg]
[demos.bootdey.com/dayday/profile4.html]
[demos.bootdey.com/dayday/sidebar_profile.html]
[demos.bootdey.com/dayday/img/Cover/nature.jpg]
[demos.bootdey.com/dayday/user_detail.html]
[demos.bootdey.com/dayday/edit_profile.html]
[demos.bootdey.com/dayday/about.html]
[demos.bootdey.com/dayday/friends.html]
[demos.bootdey.com/dayday/friends2.html]
[demos.bootdey.com/dayday/img/Friends/guy-8.jpg]
[demos.bootdey.com/dayday/profile_wall.html]
[demos.bootdey.com/dayday/photos1.html]
[demos.bootdey.com/dayday/img/Cover/manok.jpg]
[demos.bootdey.com/dayday/img/Cover/corb.jpg]
[demos.bootdey.com/dayday/img/Cover/bootsrap-cover2.png]
[demos.bootdey.com/dayday/photos2.html]
[demos.bootdey.com/dayday/view_photo.html]
[demos.bootdey.com/dayday/messages1.html]
[demos.bootdey.com/dayday/img/Friends/guy-7.jpg]
[demos.bootdey.com/dayday/messages2.html]
[demos.bootdey.com/dayday/group.html]
[demos.bootdey.com/dayday/list_users.html]
[demos.bootdey.com/dayday/file_manager.html]
[demos.bootdey.com/dayday/people_directory.html]
[demos.bootdey.com/dayday/list_posts.html]
[demos.bootdey.com/dayday/assets/js/grid_posts.js]
[demos.bootdey.com/dayday/grid_posts.html]
[demos.bootdey.com/dayday/forms.html]
[demos.bootdey.com/dayday/buttons.html]
[demos.bootdey.com/dayday/error404.html]
[demos.bootdey.com/dayday/error500.html]
[demos.bootdey.com/dayday/recover_password.html]
[demos.bootdey.com/dayday/registration_mail.html]
[demos.bootdey.com/dayday/assets/css/profile2.css]
[demos.bootdey.com/dayday/assets/css/profile3.css]
[demos.bootdey.com/dayday/img/icon-edit.png]
[demos.bootdey.com/dayday/assets/css/user_detail.css]
[demos.bootdey.com/dayday/assets/css/profile4.css]
[demos.bootdey.com/dayday/assets/css/friends.css]
[demos.bootdey.com/dayday/assets/css/photos3.css]
[demos.bootdey.com/dayday/assets/css/sidebar_profile.css]
[demos.bootdey.com/dayday/assets/css/edit_profile.css]
[demos.bootdey.com/dayday/assets/css/friends2.css]
[demos.bootdey.com/dayday/assets/css/profile_wall.css]
[demos.bootdey.com/dayday/img/plus.png]
[demos.bootdey.com/dayday/assets/css/photos1.css]
[demos.bootdey.com/dayday/photos.html]
[demos.bootdey.com/dayday/assets/css/photos2.css]
[demos.bootdey.com/dayday/assets/css/messages1.css]
[demos.bootdey.com/dayday/assets/css/messages2.css]
[demos.bootdey.com/dayday/assets/css/group.css]
[demos.bootdey.com/dayday/assets/css/file_manager.css]
[demos.bootdey.com/dayday/assets/css/people_directory.css]
[demos.bootdey.com/dayday/assets/css/list_posts.css]
[demos.bootdey.com/dayday/assets/css/grid_posts.css]
[demos.bootdey.com/dayday/assets/css/errors.css]
[demos.bootdey.com/dayday/assets/css/recover_password.css]
[demos.bootdey.com/dayday/assets/css/assets/plugins/superbox/img/close.html]
